
> shareview-platform@0.1.0 build
> next build

▲ Next.js 16.1.1 (Turbopack)
- Environments: .env

⚠ The "middleware" file convention is deprecated. Please use "proxy" instead. Learn more: https://nextjs.org/docs/messages/middleware-to-proxy
  Creating an optimized production build ...
✓ Compiled successfully in 4.8s
  Running TypeScript ...
Failed to compile.

Type error: Type 'typeof import("/home/stuart/workspace/github.com/5tuartw/shareview-platform/app/api/config/[retailerId]/route")' does not satisfy the constraint 'RouteHandlerConfig<"/api/config/[retailerId]">'.
  Types of property 'GET' are incompatible.
    Type '(request: Request, { params }: { params: { retailerId: string; }; }) => Promise<NextResponse<{ error: string; }> | NextResponse<RetailerConfigResponse>>' is not assignable to type '(request: NextRequest, context: { params: Promise<{ retailerId: string; }>; }) => void | Response | Promise<void | Response>'.
      Types of parameters '__1' and 'context' are incompatible.
        Type '{ params: Promise<{ retailerId: string; }>; }' is not assignable to type '{ params: { retailerId: string; }; }'.
          Types of property 'params' are incompatible.
            Property 'retailerId' is missing in type 'Promise<{ retailerId: string; }>' but required in type '{ retailerId: string; }'.

Next.js build worker exited with code: 1 and signal: null
